  Determining projects to restore...
  All projects are up-to-date for restore.
  VMSProject -> D:\Visitor Management\VMSProject\bin\Debug\net8.0\VMSProject.dll

Build succeeded.
    0 Warning(s)
    0 Error(s)

Time Elapsed 00:00:06.43
